// Jest Snapshot v1, https://goo.gl/fbAQLP

exports[`App renders correctly 1`] = `
<nav
  aria-label="main navigation"
  className="navbar is-dark"
  role="navigation"
>
  <div
    className="navbar-brand"
  >
    <a
      className="navbar-item"
      href="/home"
      onClick={[Function]}
    >
      <h1
        className="title"
        style={
          Object {
            "color": "inherit",
          }
        }
      >
        Images hybrides
      </h1>
    </a>
  </div>
  <div
    className="navbar-menu"
  >
    <div
      className="navbar-start"
    >
      <a
        className="navbar-item"
        href="/grids"
        onClick={[Function]}
      >
        Les Grilles
      </a>
      <a
        className="navbar-item"
        href="/images"
        onClick={[Function]}
      >
        Les Images
      </a>
    </div>
  </div>
</nav>
`;
